Component: ARM Compiler 5.06 update 7 (build 960) Tool: armlink [4d3601]

==============================================================================

Section Cross References

    startup.o(RESET) refers to startup.o(STACK) for __initial_sp
    startup.o(RESET) refers to startup.o(.text) for Reset_Handler
    startup.o(.text) refers to startup.o(MY_DATA) for Calories_ordered


==============================================================================

Removing Unused input sections from the image.

    Removing startup.o(HEAP), (0 bytes).

1 unused section(s) (total 0 bytes) removed from the image.

==============================================================================

Image Symbol Table

    Local Symbols

    Symbol Name                              Value     Ov Type        Size  Object(Section)

    RESET                                    0x00000000   Section      204  startup.o(RESET)
    startup.s                                0x00000000   Number         0  startup.o ABSOLUTE
    .text                                    0x000000d0   Section      428  startup.o(.text)
    Sort                                     0x0000014f   Thumb Code    74  startup.o(.text)
    Replace_ID                               0x00000199   Thumb Code    50  startup.o(.text)
    Finder_value                             0x000001cb   Thumb Code    34  startup.o(.text)
    Ingredient_calories                      0x000001ec   Data          24  startup.o(.text)
    Ingredient_quantity                      0x0000021c   Data          48  startup.o(.text)
    .ARM.__at_0x02FC                         0x000002fc   Section        4  startup.o(.ARM.__at_0x02FC)
    MY_DATA                                  0x10000000   Section       48  startup.o(MY_DATA)
    Calories_ordered                         0x10000000   Data          24  startup.o(MY_DATA)
    Quantity_ordered                         0x10000018   Data          24  startup.o(MY_DATA)
    STACK                                    0x10000030   Section      512  startup.o(STACK)

    Global Symbols

    Symbol Name                              Value     Ov Type        Size  Object(Section)

    BuildAttributes$$THM_ISAv4$P$D$K$B$S$PE$A:L22UL41UL21$X:L11$S22US41US21$IEEE1$IW$USESV6$~STKCKD$USESV7$~SHL$OSPACE$EBA8$STANDARDLIB$PRES8$EABIv2 0x00000000   Number         0  anon$$obj.o ABSOLUTE
    __Vectors                                0x00000000   Data           4  startup.o(RESET)
    Reset_Handler                            0x000000d1   Thumb Code   126  startup.o(.text)
    NMI_Handler                              0x00000269   Thumb Code     2  startup.o(.text)
    HardFault_Handler                        0x0000026b   Thumb Code     2  startup.o(.text)
    MemManage_Handler                        0x0000026d   Thumb Code     2  startup.o(.text)
    BusFault_Handler                         0x0000026f   Thumb Code     2  startup.o(.text)
    UsageFault_Handler                       0x00000271   Thumb Code     2  startup.o(.text)
    SVC_Handler                              0x00000273   Thumb Code     2  startup.o(.text)
    DebugMon_Handler                         0x00000275   Thumb Code     2  startup.o(.text)
    PendSV_Handler                           0x00000277   Thumb Code     2  startup.o(.text)
    SysTick_Handler                          0x00000279   Thumb Code     2  startup.o(.text)
    ADC_IRQHandler                           0x0000027b   Thumb Code     0  startup.o(.text)
    BOD_IRQHandler                           0x0000027b   Thumb Code     0  startup.o(.text)
    CANActivity_IRQHandler                   0x0000027b   Thumb Code     0  startup.o(.text)
    CAN_IRQHandler                           0x0000027b   Thumb Code     0  startup.o(.text)
    DMA_IRQHandler                           0x0000027b   Thumb Code     0  startup.o(.text)
    EINT0_IRQHandler                         0x0000027b   Thumb Code     0  startup.o(.text)
    EINT1_IRQHandler                         0x0000027b   Thumb Code     0  startup.o(.text)
    EINT2_IRQHandler                         0x0000027b   Thumb Code     0  startup.o(.text)
    EINT3_IRQHandler                         0x0000027b   Thumb Code     0  startup.o(.text)
    ENET_IRQHandler                          0x0000027b   Thumb Code     0  startup.o(.text)
    I2C0_IRQHandler                          0x0000027b   Thumb Code     0  startup.o(.text)
    I2C1_IRQHandler                          0x0000027b   Thumb Code     0  startup.o(.text)
    I2C2_IRQHandler                          0x0000027b   Thumb Code     0  startup.o(.text)
    I2S_IRQHandler                           0x0000027b   Thumb Code     0  startup.o(.text)
    MCPWM_IRQHandler                         0x0000027b   Thumb Code     0  startup.o(.text)
    PLL0_IRQHandler                          0x0000027b   Thumb Code     0  startup.o(.text)
    PLL1_IRQHandler                          0x0000027b   Thumb Code     0  startup.o(.text)
    PWM1_IRQHandler                          0x0000027b   Thumb Code     0  startup.o(.text)
    QEI_IRQHandler                           0x0000027b   Thumb Code     0  startup.o(.text)
    RIT_IRQHandler                           0x0000027b   Thumb Code     0  startup.o(.text)
    RTC_IRQHandler                           0x0000027b   Thumb Code     0  startup.o(.text)
    SPI_IRQHandler                           0x0000027b   Thumb Code     0  startup.o(.text)
    SSP0_IRQHandler                          0x0000027b   Thumb Code     0  startup.o(.text)
    SSP1_IRQHandler                          0x0000027b   Thumb Code     0  startup.o(.text)
    TIMER0_IRQHandler                        0x0000027b   Thumb Code     0  startup.o(.text)
    TIMER1_IRQHandler                        0x0000027b   Thumb Code     0  startup.o(.text)
    TIMER2_IRQHandler                        0x0000027b   Thumb Code     0  startup.o(.text)
    TIMER3_IRQHandler                        0x0000027b   Thumb Code     0  startup.o(.text)
    UART0_IRQHandler                         0x0000027b   Thumb Code     0  startup.o(.text)
    UART1_IRQHandler                         0x0000027b   Thumb Code     0  startup.o(.text)
    UART2_IRQHandler                         0x0000027b   Thumb Code     0  startup.o(.text)
    UART3_IRQHandler                         0x0000027b   Thumb Code     0  startup.o(.text)
    USBActivity_IRQHandler                   0x0000027b   Thumb Code     0  startup.o(.text)
    USB_IRQHandler                           0x0000027b   Thumb Code     0  startup.o(.text)
    WDT_IRQHandler                           0x0000027b   Thumb Code     0  startup.o(.text)
    __initial_sp                             0x10000230   Data           0  startup.o(STACK)



==============================================================================

Memory Map of the image

  Image Entry point : 0x000000d1

  Load Region LR_1 (Base: 0x00000000, Size: 0x00000330, Max: 0xffffffff, ABSOLUTE)

    Execution Region ER_RO (Exec base: 0x00000000, Load base: 0x00000000, Size: 0x00000300, Max: 0xffffffff, ABSOLUTE)

    Exec Addr    Load Addr    Size         Type   Attr      Idx    E Section Name        Object

    0x00000000   0x00000000   0x000000cc   Data   RO            3    RESET               startup.o
    0x000000cc   0x000000cc   0x00000004   PAD
    0x000000d0   0x000000d0   0x000001ac   Code   RO            6  * .text               startup.o
    0x0000027c   0x0000027c   0x00000080   PAD
    0x000002fc   0x000002fc   0x00000004   Code   RO            4    .ARM.__at_0x02FC    startup.o


    Execution Region ER_RW (Exec base: 0x10000000, Load base: 0x00000300, Size: 0x00000030, Max: 0xffffffff, ABSOLUTE)

    Exec Addr    Load Addr    Size         Type   Attr      Idx    E Section Name        Object

    0x10000000   0x00000300   0x00000030   Data   RW            5    MY_DATA             startup.o


    Execution Region ER_ZI (Exec base: 0x10000030, Load base: 0x00000330, Size: 0x00000200, Max: 0xffffffff, ABSOLUTE)

    Exec Addr    Load Addr    Size         Type   Attr      Idx    E Section Name        Object

    0x10000030        -       0x00000200   Zero   RW            1    STACK               startup.o


==============================================================================

Image component sizes


      Code (inc. data)   RO Data    RW Data    ZI Data      Debug   Object Name

       432        128        204         48        512       1232   startup.o

    ----------------------------------------------------------------------
       560        128        208         48        512       1232   Object Totals
         0          0          0          0          0          0   (incl. Generated)
       128          0          4          0          0          0   (incl. Padding)

    ----------------------------------------------------------------------
         0          0          0          0          0          0   Library Totals
         0          0          0          0          0          0   (incl. Padding)

    ----------------------------------------------------------------------

==============================================================================


      Code (inc. data)   RO Data    RW Data    ZI Data      Debug   

       560        128        208         48        512       1232   Grand Totals
       560        128        208         48        512       1232   ELF Image Totals
       560        128        208         48          0          0   ROM Totals

==============================================================================

    Total RO  Size (Code + RO Data)                  768 (   0.75kB)
    Total RW  Size (RW Data + ZI Data)               560 (   0.55kB)
    Total ROM Size (Code + RO Data + RW Data)        816 (   0.80kB)

==============================================================================

